// Jest Snapshot v1, https://goo.gl/fbAQLP

exports[`Slider Snapshot Test 1`] = `null`;
